repeat reapepeat repeat
repeat reapepeat repeat
repeat reapepeat repeat
