Thizz izz a tezzzzt
Thizz izz a tezzzzt
Thizz izz a tezzzzt
        Thizz izz a tezzzzt
        Thizz izz a tezzzzt
    Thizz izz a tezzzzt
    Thizz izz a tezzzzt
Thizz izz a tezzzzt
Thizz izz a tezzzzt
Thizz izz a tezzzzt









Thizz izz a tezzzzt
